[debug] [2026-05-04T13:19:41.041Z] ----------------------------------------------------------------------
[debug] [2026-05-04T13:19:41.043Z] Command:       /usr/local/bin/node /Users/nileshchanchiya/.npm/_npx/7750544ccf494d8b/node_modules/.bin/firebase deploy --only hosting
[debug] [2026-05-04T13:19:41.043Z] CLI Version:   15.16.0
[debug] [2026-05-04T13:19:41.043Z] Platform:      darwin
[debug] [2026-05-04T13:19:41.043Z] Node Version:  v24.14.1
[debug] [2026-05-04T13:19:41.043Z] Time:          Mon May 04 2026 18:49:41 GMT+0530 (India Standard Time)
[debug] [2026-05-04T13:19:41.043Z] ----------------------------------------------------------------------
[debug] 
[debug] [2026-05-04T13:19:41.879Z] > command requires scopes: ["email","openid","https://www.googleapis.com/auth/cloudplatformprojects.readonly","https://www.googleapis.com/auth/firebase","https://www.googleapis.com/auth/cloud-platform"]
[debug] [2026-05-04T13:19:41.880Z] > authorizing via signed-in user (nileshc322@gmail.com)
[debug] [2026-05-04T13:19:41.880Z] [iam] checking project wanderlust-adventure-81e8b for permissions ["firebase.projects.get","firebasehosting.sites.update"]
[debug] [2026-05-04T13:19:41.880Z] Checked if tokens are valid: true, expires at: 1777904012045
[debug] [2026-05-04T13:19:41.880Z] Checked if tokens are valid: true, expires at: 1777904012045
[debug] [2026-05-04T13:19:41.880Z] >>> [apiv2][query] POST https://cloudresourcemanager.googleapis.com/v1/projects/wanderlust-adventure-81e8b:testIamPermissions [none]
[debug] [2026-05-04T13:19:41.880Z] >>> [apiv2][(partial)header] POST https://cloudresourcemanager.googleapis.com/v1/projects/wanderlust-adventure-81e8b:testIamPermissions  x-goog-user-project=wanderlust-adventure-81e8b
[debug] [2026-05-04T13:19:41.881Z] >>> [apiv2][body] POST https://cloudresourcemanager.googleapis.com/v1/projects/wanderlust-adventure-81e8b:testIamPermissions {"permissions":["firebase.projects.get","firebasehosting.sites.update"]}
[debug] [2026-05-04T13:19:43.464Z] <<< [apiv2][status] POST https://cloudresourcemanager.googleapis.com/v1/projects/wanderlust-adventure-81e8b:testIamPermissions 200
[debug] [2026-05-04T13:19:43.464Z] <<< [apiv2][body] POST https://cloudresourcemanager.googleapis.com/v1/projects/wanderlust-adventure-81e8b:testIamPermissions {"permissions":["firebase.projects.get","firebasehosting.sites.update"]}
[debug] [2026-05-04T13:19:43.465Z] Checked if tokens are valid: true, expires at: 1777904012045
[debug] [2026-05-04T13:19:43.465Z] Checked if tokens are valid: true, expires at: 1777904012045
[debug] [2026-05-04T13:19:43.465Z] >>> [apiv2][query] GET https://firebase.googleapis.com/v1beta1/projects/wanderlust-adventure-81e8b [none]
[debug] [2026-05-04T13:19:44.248Z] <<< [apiv2][status] GET https://firebase.googleapis.com/v1beta1/projects/wanderlust-adventure-81e8b 200
[debug] [2026-05-04T13:19:44.249Z] <<< [apiv2][body] GET https://firebase.googleapis.com/v1beta1/projects/wanderlust-adventure-81e8b {"projectId":"wanderlust-adventure-81e8b","projectNumber":"1068322940960","displayName":"Wanderlust Adventure","name":"projects/wanderlust-adventure-81e8b","resources":{"hostingSite":"wanderlust-adventure-81e8b"},"state":"ACTIVE","etag":"1_f05e447c-eef3-430b-8bca-4d1cbed385bd"}
[info] 
[info] === Deploying to 'wanderlust-adventure-81e8b'...
[info] 
[info] i  deploying hosting 
[debug] [2026-05-04T13:19:44.253Z] Checked if tokens are valid: true, expires at: 1777904012045
[debug] [2026-05-04T13:19:44.253Z] Checked if tokens are valid: true, expires at: 1777904012045
[debug] [2026-05-04T13:19:44.254Z] >>> [apiv2][query] GET https://firebasehosting.googleapis.com/v1beta1/projects/wanderlust-adventure-81e8b/sites/wanderlust-adventure-81e8b [none]
[debug] [2026-05-04T13:19:45.543Z] <<< [apiv2][status] GET https://firebasehosting.googleapis.com/v1beta1/projects/wanderlust-adventure-81e8b/sites/wanderlust-adventure-81e8b 200
[debug] [2026-05-04T13:19:45.544Z] <<< [apiv2][body] GET https://firebasehosting.googleapis.com/v1beta1/projects/wanderlust-adventure-81e8b/sites/wanderlust-adventure-81e8b {"name":"projects/wanderlust-adventure-81e8b/sites/wanderlust-adventure-81e8b","defaultUrl":"https://wanderlust-adventure-81e8b.web.app","appId":"1:1068322940960:web:a2f8209bf0556d5f513445","type":"DEFAULT_SITE"}
[debug] [2026-05-04T13:19:45.545Z] Checked if tokens are valid: true, expires at: 1777904012045
[debug] [2026-05-04T13:19:45.545Z] Checked if tokens are valid: true, expires at: 1777904012045
[debug] [2026-05-04T13:19:45.545Z] >>> [apiv2][query] POST https://firebasehosting.googleapis.com/v1beta1/projects/-/sites/wanderlust-adventure-81e8b/versions [none]
[debug] [2026-05-04T13:19:45.545Z] >>> [apiv2][body] POST https://firebasehosting.googleapis.com/v1beta1/projects/-/sites/wanderlust-adventure-81e8b/versions {"status":"CREATED","labels":{"deployment-tool":"cli-firebase"}}
[debug] [2026-05-04T13:19:46.602Z] <<< [apiv2][status] POST https://firebasehosting.googleapis.com/v1beta1/projects/-/sites/wanderlust-adventure-81e8b/versions 200
[debug] [2026-05-04T13:19:46.602Z] <<< [apiv2][body] POST https://firebasehosting.googleapis.com/v1beta1/projects/-/sites/wanderlust-adventure-81e8b/versions {"name":"projects/1068322940960/sites/wanderlust-adventure-81e8b/versions/bcf84716c909c5a7","status":"CREATED","config":{},"labels":{"deployment-tool":"cli-firebase"}}
[info] i  hosting[wanderlust-adventure-81e8b]: beginning deploy... 
[info] i  hosting[wanderlust-adventure-81e8b]: found 23 files in frontend/build 
[debug] [2026-05-04T13:19:46.623Z] [hosting] uploading with 200 concurrency
[debug] [2026-05-04T13:19:46.895Z] Checked if tokens are valid: true, expires at: 1777904012045
[debug] [2026-05-04T13:19:46.895Z] Checked if tokens are valid: true, expires at: 1777904012045
[debug] [2026-05-04T13:19:46.896Z] [hosting] hash cache [ZnJvbnRlbmQvYnVpbGQ] stored for 23 files
[debug] [2026-05-04T13:19:46.896Z] [hosting][hash queue][FINAL] {"max":267,"min":20,"avg":53.391304347826086,"active":0,"complete":23,"success":23,"errored":0,"retried":0,"total":23,"elapsed":271}
[debug] [2026-05-04T13:19:46.896Z] >>> [apiv2][query] POST https://firebasehosting.googleapis.com/v1beta1/projects/1068322940960/sites/wanderlust-adventure-81e8b/versions/bcf84716c909c5a7:populateFiles [none]
[debug] [2026-05-04T13:19:46.896Z] >>> [apiv2][body] POST https://firebasehosting.googleapis.com/v1beta1/projects/1068322940960/sites/wanderlust-adventure-81e8b/versions/bcf84716c909c5a7:populateFiles {"files":{"/sitemap.xml":"7b52b64e9246f0183f3af60dbb048f5c01a3a14127d51607cf27c294484d494a","/robots.txt":"eba34970df16dce68c15e05a4883b24601618bc9a1d2910dfb2e5a23aeed367c","/asset-manifest.json":"b2177c87e6012b1decb5cd6fce91fbaae0f50e6b61da2e70f1da1c8f5213aecc","/index.html":"8479034d607c3a8993a04fcec0e275c38d15647064262a61513036c0f8cdac73","/static/js/main.5b26f2e4.js.LICENSE.txt":"ab1e6eb411b676d7d6bc2d044227ab54609dcf22eeea769fb40f7ee8d0c25c70","/static/js/977.00b284dc.chunk.js.LICENSE.txt":"da19b9fd992c9855c6b94d94ef11731af8ed736ec740bb28e63157865f369208","/static/js/977.00b284dc.chunk.js":"e97b29c9164d6c0c82c710ffe13d4f4407740c6718baf2ffad64177ef79f3691","/static/js/389.883c5614.chunk.js.LICENSE.txt":"7a58e896c7b5e00b801ad672bcadbf803f296d5ea2c65e6eb47b8c1e9920f242","/static/js/239.5491b2ce.chunk.js.LICENSE.txt":"39d2a29aad428e8fe09e5f097388b0cf999ab932522ab62de5394fb2bb180401","/static/css/main.efcde9ac.css.map":"18938904476444a47d7a8de3177a7ea3c76d5c4bfc2fe6499b80b1620244bf15","/static/css/main.efcde9ac.css":"b17719b3ca6e7116a828ce31ac4c18871c9a3a12e3fd0fc112615d7be75470bf","/static/js/977.00b284dc.chunk.js.map":"2edaad4610cfdc7d7f36302d623aa97bff0106d1dc246da9fdae7e00f564a734","/static/js/732.a38800b4.chunk.js":"edc47e06bdbc065be604ff70d20d42a20e1a2d27fb5e9006e1014bada9b16f6d","/static/js/732.a38800b4.chunk.js.map":"40669714ca23d75c951f72ec7a0487bd8107e5fcfb626a72a6dc0587b41bbae4","/static/js/239.5491b2ce.chunk.js":"fd752400a23616f1cec19342dbe9977b33d7bc50dcf5aacefe242c356bfd916d","/logo.png":"555f17c06d7904d08980259d575fa7f927604bbe9a4d77dd5102bde068e63888","/static/js/389.883c5614.chunk.js":"bcee95dcdecf44db25163c0dc6ea630059a9ecd7e31e99348d98a1ccb346fa68","/logo.svg":"9abc65fd7035b37d532b88f90b6ca9ca5460eb4c94409cb43ab45763af0f5c76","/static/media/logo.8fbf1efc41f95767c5adca93f353d138.svg":"9abc65fd7035b37d532b88f90b6ca9ca5460eb4c94409cb43ab45763af0f5c76","/static/js/main.5b26f2e4.js":"8956d269fc427a24b1e2c76dce80b106bdb16034f472ab754b975185051131f3","/static/js/239.5491b2ce.chunk.js.map":"2495d18c5d0934a0f0aeaa4691aa52e7521345b384893d9ed5ab568e0d0d9bbf","/static/js/389.883c5614.chunk.js.map":"70a1b13514fea18cf0a06f1a2aacc8a3e07217120b329adaf13b75d73b0663dc","/static/js/main.5b26f2e4.js.map":"b63504a5d879c902e74a8671bf83f5e87fe86ffc67682fc1905b31c1259ef751"}}
[debug] [2026-05-04T13:19:47.617Z] <<< [apiv2][status] POST https://firebasehosting.googleapis.com/v1beta1/projects/1068322940960/sites/wanderlust-adventure-81e8b/versions/bcf84716c909c5a7:populateFiles 200
[debug] [2026-05-04T13:19:47.617Z] <<< [apiv2][body] POST https://firebasehosting.googleapis.com/v1beta1/projects/1068322940960/sites/wanderlust-adventure-81e8b/versions/bcf84716c909c5a7:populateFiles {"uploadRequiredHashes":["8956d269fc427a24b1e2c76dce80b106bdb16034f472ab754b975185051131f3","18938904476444a47d7a8de3177a7ea3c76d5c4bfc2fe6499b80b1620244bf15","8479034d607c3a8993a04fcec0e275c38d15647064262a61513036c0f8cdac73","b2177c87e6012b1decb5cd6fce91fbaae0f50e6b61da2e70f1da1c8f5213aecc","b63504a5d879c902e74a8671bf83f5e87fe86ffc67682fc1905b31c1259ef751","b17719b3ca6e7116a828ce31ac4c18871c9a3a12e3fd0fc112615d7be75470bf"],"uploadUrl":"https://upload-firebasehosting.googleapis.com/upload/sites/wanderlust-adventure-81e8b/versions/bcf84716c909c5a7/files"}
[debug] [2026-05-04T13:19:47.618Z] Checked if tokens are valid: true, expires at: 1777904012045
[debug] [2026-05-04T13:19:47.618Z] Checked if tokens are valid: true, expires at: 1777904012045
[debug] [2026-05-04T13:19:47.618Z] Checked if tokens are valid: true, expires at: 1777904012045
[debug] [2026-05-04T13:19:47.618Z] Checked if tokens are valid: true, expires at: 1777904012045
[debug] [2026-05-04T13:19:47.618Z] Checked if tokens are valid: true, expires at: 1777904012045
[debug] [2026-05-04T13:19:47.618Z] Checked if tokens are valid: true, expires at: 1777904012045
[debug] [2026-05-04T13:19:47.618Z] Checked if tokens are valid: true, expires at: 1777904012045
[debug] [2026-05-04T13:19:47.618Z] Checked if tokens are valid: true, expires at: 1777904012045
[debug] [2026-05-04T13:19:47.618Z] Checked if tokens are valid: true, expires at: 1777904012045
[debug] [2026-05-04T13:19:47.619Z] Checked if tokens are valid: true, expires at: 1777904012045
[debug] [2026-05-04T13:19:47.619Z] Checked if tokens are valid: true, expires at: 1777904012045
[debug] [2026-05-04T13:19:47.619Z] Checked if tokens are valid: true, expires at: 1777904012045
[debug] [2026-05-04T13:19:47.619Z] >>> [apiv2][query] POST https://upload-firebasehosting.googleapis.com/upload/sites/wanderlust-adventure-81e8b/versions/bcf84716c909c5a7/files/8956d269fc427a24b1e2c76dce80b106bdb16034f472ab754b975185051131f3 [none]
[debug] [2026-05-04T13:19:47.619Z] >>> [apiv2][body] POST https://upload-firebasehosting.googleapis.com/upload/sites/wanderlust-adventure-81e8b/versions/bcf84716c909c5a7/files/8956d269fc427a24b1e2c76dce80b106bdb16034f472ab754b975185051131f3 [stream]
[debug] [2026-05-04T13:19:47.622Z] >>> [apiv2][query] POST https://upload-firebasehosting.googleapis.com/upload/sites/wanderlust-adventure-81e8b/versions/bcf84716c909c5a7/files/18938904476444a47d7a8de3177a7ea3c76d5c4bfc2fe6499b80b1620244bf15 [none]
[debug] [2026-05-04T13:19:47.622Z] >>> [apiv2][body] POST https://upload-firebasehosting.googleapis.com/upload/sites/wanderlust-adventure-81e8b/versions/bcf84716c909c5a7/files/18938904476444a47d7a8de3177a7ea3c76d5c4bfc2fe6499b80b1620244bf15 [stream]
[debug] [2026-05-04T13:19:47.623Z] >>> [apiv2][query] POST https://upload-firebasehosting.googleapis.com/upload/sites/wanderlust-adventure-81e8b/versions/bcf84716c909c5a7/files/8479034d607c3a8993a04fcec0e275c38d15647064262a61513036c0f8cdac73 [none]
[debug] [2026-05-04T13:19:47.623Z] >>> [apiv2][body] POST https://upload-firebasehosting.googleapis.com/upload/sites/wanderlust-adventure-81e8b/versions/bcf84716c909c5a7/files/8479034d607c3a8993a04fcec0e275c38d15647064262a61513036c0f8cdac73 [stream]
[debug] [2026-05-04T13:19:47.625Z] >>> [apiv2][query] POST https://upload-firebasehosting.googleapis.com/upload/sites/wanderlust-adventure-81e8b/versions/bcf84716c909c5a7/files/b2177c87e6012b1decb5cd6fce91fbaae0f50e6b61da2e70f1da1c8f5213aecc [none]
[debug] [2026-05-04T13:19:47.625Z] >>> [apiv2][body] POST https://upload-firebasehosting.googleapis.com/upload/sites/wanderlust-adventure-81e8b/versions/bcf84716c909c5a7/files/b2177c87e6012b1decb5cd6fce91fbaae0f50e6b61da2e70f1da1c8f5213aecc [stream]
[debug] [2026-05-04T13:19:47.626Z] >>> [apiv2][query] POST https://upload-firebasehosting.googleapis.com/upload/sites/wanderlust-adventure-81e8b/versions/bcf84716c909c5a7/files/b63504a5d879c902e74a8671bf83f5e87fe86ffc67682fc1905b31c1259ef751 [none]
[debug] [2026-05-04T13:19:47.627Z] >>> [apiv2][body] POST https://upload-firebasehosting.googleapis.com/upload/sites/wanderlust-adventure-81e8b/versions/bcf84716c909c5a7/files/b63504a5d879c902e74a8671bf83f5e87fe86ffc67682fc1905b31c1259ef751 [stream]
[debug] [2026-05-04T13:19:47.628Z] >>> [apiv2][query] POST https://upload-firebasehosting.googleapis.com/upload/sites/wanderlust-adventure-81e8b/versions/bcf84716c909c5a7/files/b17719b3ca6e7116a828ce31ac4c18871c9a3a12e3fd0fc112615d7be75470bf [none]
[debug] [2026-05-04T13:19:47.628Z] >>> [apiv2][body] POST https://upload-firebasehosting.googleapis.com/upload/sites/wanderlust-adventure-81e8b/versions/bcf84716c909c5a7/files/b17719b3ca6e7116a828ce31ac4c18871c9a3a12e3fd0fc112615d7be75470bf [stream]
[debug] [2026-05-04T13:19:47.629Z] [hosting][populate queue][FINAL] {"max":724,"min":724,"avg":724,"active":0,"complete":1,"success":1,"errored":0,"retried":0,"total":1,"elapsed":734}
[debug] [2026-05-04T13:19:47.629Z] [hosting] uploads queued: 6
[debug] [2026-05-04T13:19:49.396Z] <<< [apiv2][status] POST https://upload-firebasehosting.googleapis.com/upload/sites/wanderlust-adventure-81e8b/versions/bcf84716c909c5a7/files/8479034d607c3a8993a04fcec0e275c38d15647064262a61513036c0f8cdac73 200
[debug] [2026-05-04T13:19:49.396Z] <<< [apiv2][body] POST https://upload-firebasehosting.googleapis.com/upload/sites/wanderlust-adventure-81e8b/versions/bcf84716c909c5a7/files/8479034d607c3a8993a04fcec0e275c38d15647064262a61513036c0f8cdac73 [stream]
[debug] [2026-05-04T13:19:49.397Z] <<< [apiv2][status] POST https://upload-firebasehosting.googleapis.com/upload/sites/wanderlust-adventure-81e8b/versions/bcf84716c909c5a7/files/b17719b3ca6e7116a828ce31ac4c18871c9a3a12e3fd0fc112615d7be75470bf 200
[debug] [2026-05-04T13:19:49.397Z] <<< [apiv2][body] POST https://upload-firebasehosting.googleapis.com/upload/sites/wanderlust-adventure-81e8b/versions/bcf84716c909c5a7/files/b17719b3ca6e7116a828ce31ac4c18871c9a3a12e3fd0fc112615d7be75470bf [stream]
[debug] [2026-05-04T13:19:49.398Z] <<< [apiv2][status] POST https://upload-firebasehosting.googleapis.com/upload/sites/wanderlust-adventure-81e8b/versions/bcf84716c909c5a7/files/b2177c87e6012b1decb5cd6fce91fbaae0f50e6b61da2e70f1da1c8f5213aecc 200
[debug] [2026-05-04T13:19:49.398Z] <<< [apiv2][body] POST https://upload-firebasehosting.googleapis.com/upload/sites/wanderlust-adventure-81e8b/versions/bcf84716c909c5a7/files/b2177c87e6012b1decb5cd6fce91fbaae0f50e6b61da2e70f1da1c8f5213aecc [stream]
[debug] [2026-05-04T13:19:49.811Z] <<< [apiv2][status] POST https://upload-firebasehosting.googleapis.com/upload/sites/wanderlust-adventure-81e8b/versions/bcf84716c909c5a7/files/18938904476444a47d7a8de3177a7ea3c76d5c4bfc2fe6499b80b1620244bf15 200
[debug] [2026-05-04T13:19:49.811Z] <<< [apiv2][body] POST https://upload-firebasehosting.googleapis.com/upload/sites/wanderlust-adventure-81e8b/versions/bcf84716c909c5a7/files/18938904476444a47d7a8de3177a7ea3c76d5c4bfc2fe6499b80b1620244bf15 [stream]
[debug] [2026-05-04T13:19:49.844Z] <<< [apiv2][status] POST https://upload-firebasehosting.googleapis.com/upload/sites/wanderlust-adventure-81e8b/versions/bcf84716c909c5a7/files/b63504a5d879c902e74a8671bf83f5e87fe86ffc67682fc1905b31c1259ef751 200
[debug] [2026-05-04T13:19:49.845Z] <<< [apiv2][body] POST https://upload-firebasehosting.googleapis.com/upload/sites/wanderlust-adventure-81e8b/versions/bcf84716c909c5a7/files/b63504a5d879c902e74a8671bf83f5e87fe86ffc67682fc1905b31c1259ef751 [stream]
[debug] [2026-05-04T13:19:49.858Z] <<< [apiv2][status] POST https://upload-firebasehosting.googleapis.com/upload/sites/wanderlust-adventure-81e8b/versions/bcf84716c909c5a7/files/8956d269fc427a24b1e2c76dce80b106bdb16034f472ab754b975185051131f3 200
[debug] [2026-05-04T13:19:49.859Z] <<< [apiv2][body] POST https://upload-firebasehosting.googleapis.com/upload/sites/wanderlust-adventure-81e8b/versions/bcf84716c909c5a7/files/8956d269fc427a24b1e2c76dce80b106bdb16034f472ab754b975185051131f3 [stream]
[debug] [2026-05-04T13:19:49.860Z] [hosting][upload queue][FINAL] {"max":2243,"min":1779,"avg":2000.1666666666667,"active":0,"complete":6,"success":6,"errored":0,"retried":0,"total":6,"elapsed":2243}
[info] ✔  hosting[wanderlust-adventure-81e8b]: file upload complete 
[debug] [2026-05-04T13:19:49.861Z] [hosting] deploy completed after 3255ms
[debug] [2026-05-04T13:19:49.862Z] [
  {
    "config": {
      "public": "frontend/build",
      "ignore": [
        "firebase.json",
        "**/.*",
        "**/node_modules/**"
      ],
      "rewrites": [
        {
          "source": "**",
          "destination": "/index.html"
        }
      ],
      "site": "wanderlust-adventure-81e8b"
    },
    "version": "projects/1068322940960/sites/wanderlust-adventure-81e8b/versions/bcf84716c909c5a7"
  }
]
[info] i  hosting[wanderlust-adventure-81e8b]: finalizing version... 
[debug] [2026-05-04T13:19:49.864Z] Checked if tokens are valid: true, expires at: 1777904012045
[debug] [2026-05-04T13:19:49.864Z] Checked if tokens are valid: true, expires at: 1777904012045
[debug] [2026-05-04T13:19:49.865Z] >>> [apiv2][query] PATCH https://firebasehosting.googleapis.com/v1beta1/projects/-/sites/wanderlust-adventure-81e8b/versions/bcf84716c909c5a7 updateMask=status%2Cconfig
[debug] [2026-05-04T13:19:49.865Z] >>> [apiv2][body] PATCH https://firebasehosting.googleapis.com/v1beta1/projects/-/sites/wanderlust-adventure-81e8b/versions/bcf84716c909c5a7 {"status":"FINALIZED","config":{"rewrites":[{"glob":"**","path":"/index.html"}]}}
[debug] [2026-05-04T13:19:50.539Z] <<< [apiv2][status] PATCH https://firebasehosting.googleapis.com/v1beta1/projects/-/sites/wanderlust-adventure-81e8b/versions/bcf84716c909c5a7 200
[debug] [2026-05-04T13:19:50.539Z] <<< [apiv2][body] PATCH https://firebasehosting.googleapis.com/v1beta1/projects/-/sites/wanderlust-adventure-81e8b/versions/bcf84716c909c5a7 {"name":"projects/1068322940960/sites/wanderlust-adventure-81e8b/versions/bcf84716c909c5a7","status":"FINALIZED","config":{"rewrites":[{"glob":"**","path":"/index.html"}]},"labels":{"deployment-tool":"cli-firebase"},"createTime":"2026-05-04T13:19:45.927828Z","createUser":{"email":"NileshC322@gmail.com"},"finalizeTime":"2026-05-04T13:19:50.393326Z","finalizeUser":{"email":"NileshC322@gmail.com"}}
[debug] [2026-05-04T13:19:50.539Z] [hosting] finalized version for wanderlust-adventure-81e8b:[object Object]
[info] ✔  hosting[wanderlust-adventure-81e8b]: version finalized 
[info] i  hosting[wanderlust-adventure-81e8b]: releasing new version... 
[debug] [2026-05-04T13:19:50.540Z] Checked if tokens are valid: true, expires at: 1777904012045
[debug] [2026-05-04T13:19:50.540Z] Checked if tokens are valid: true, expires at: 1777904012045
[debug] [2026-05-04T13:19:50.541Z] >>> [apiv2][query] POST https://firebasehosting.googleapis.com/v1beta1/projects/-/sites/wanderlust-adventure-81e8b/channels/live/releases versionName=projects%2F1068322940960%2Fsites%2Fwanderlust-adventure-81e8b%2Fversions%2Fbcf84716c909c5a7
[debug] [2026-05-04T13:19:50.541Z] >>> [apiv2][body] POST https://firebasehosting.googleapis.com/v1beta1/projects/-/sites/wanderlust-adventure-81e8b/channels/live/releases {}
